<html>
<body>
<pre>
<h1>µVision Build Log</h1>
<h2>Project:</h2>
D:\College\Connect 4 - Test\code\Lab15_SpaceInvaders\SpaceInvaders.uvproj
Project File Date:  06/04/2018

<h2>Output:</h2>
Rebuild target 'SpaceInvaders'
assembling startup.s...
compiling Nokia5110.c...
assembling random.s...
compiling SpaceInvaders.c...
compiling TExaS.c...
compiling agent.c...
compiling Connection.c...
compiling controller.c...
compiling Display.c...
compiling env.c...
compiling GameEnv.c...
compiling UART.c...
linking...
Program Size: Code=7324 RO-data=5272 RW-data=60 ZI-data=1812  
".\SpaceInvaders.axf" - 0 Error(s), 0 Warning(s).
</pre>
</body>
</html>

        return play(&environment, player, col);
GameEnv.c(13): error:  #20: identifier "environment" is undefined
        return getStatus(&environment);
GameEnv.c(17): error:  #20: identifier "environment" is undefined
        return &environment;
GameEnv.c(21): error:  #20: identifier "environment" is undefined
        return validate(&environment, col);
GameEnv.c(25): error:  #20: identifier "environment" is undefined
        return (char **)environment.map;
GameEnv.c: 0 warnings, 6 errors
compiling UART.c...
".\SpaceInvaders.axf" - 6 Error(s), 0 Warning(s).
Target not created
276): error:  #70: incomplete type is not allowed
    if(Display == UART0_Emulate_Nokia5110_NoScope){
TExaS.c(279): error:  #20: identifier "SSI0_Real_Nokia5110_Scope" is undefined
    }else if(Display == SSI0_Real_Nokia5110_Scope){
TExaS.c(279): error:  #70: incomplete type is not allowed
    }else if(Display == SSI0_Real_Nokia5110_Scope){
TExaS.c(296): error:  #20: identifier "SSI0_Real_Nokia5110_NoScope" is undefined
    }else if(Display == SSI0_Real_Nokia5110_NoScope){
TExaS.c(296): error:  #70: incomplete type is not allowed
    }else if(Display == SSI0_Real_Nokia5110_NoScope){
TExaS.c(70): error:  #235: variable "Display" was declared with a never-completed type
  enum DisplayType Display;// value is not relevant
TExaS.c: 0 warnings, 10 errors
compiling agent.c...
compiling Connection.c...
compiling controller.c...
compiling Display.c...
compiling env.c...
compiling GameEnv.c...
compiling UART.c...
".\SpaceInvaders.axf" - 12 Error(s), 0 Warning(s).
Target not created
c...
Connection.c(92): warning:  #940-D: missing return statement at end of non-void function "sPlaySelect"
  }
Connection.c(97): error:  #20: identifier "Status" is undefined
        Status = inChar();
Connection.c(95): warning:  #177-D: variable "status" was declared but never referenced
        unsigned char masterPos, status, value;
Connection.c: 2 warnings, 1 error
compiling controller.c...
compiling Display.c...
compiling env.c...
compiling GameEnv.c...
compiling UART.c...
".\SpaceInvaders.axf" - 13 Error(s), 3 Warning(s).
Target not created
